$ pnpm test:game

> runway-startup-game@0.1.0 test:game /home/user/runway-startup-game
> tsx scripts/test-game.ts && tsx scripts/test-osm-colour.ts && tsx scripts/test-noticed.ts && tsx scripts/test-landmarks.ts && tsx scripts/test-city-read.ts

RUNWAY engine tests
  ✓ determinism: same seed + same script ⇒ identical state
  ✓ doing nothing ⇒ bankrupt, and quickly
  ✓ product cap never destroys progress already earned
  ✓ an accelerator card cannot make an inactive company immortal
  ✓ matching a sector to its neighbourhood gives a real scene bonus
  ✓ event-scene neighbourhoods create more weekly opportunities
  ✓ events labelled double value really double every reward
  ✓ action feedback reports the gain that was actually applied
  ✓ a dilemma only accepts one of the choices currently on screen
  ✓ weekly event ids match the week shown to the player
  ✓ dilemma copy describes the mechanic the player will actually receive
    bot: 197/240 unicorns (avg week 56), 43 bankruptcies, 0 timeouts
    sectors: AI 85% · Fintech 85% · Climate 95% · HealthTech 57% · DevTools 88% · Consumer 83%
    hubs: Shoreditch 87% · King's Cross 80% · Soho 63% · Farringdon 93% · Canary Wharf 70% · London Bridge 100% · Camden 83% · Battersea 80%
  ✓ greedy bot: winnable, fair, and never insane
  ✓ rivals live their own lives

All 13 checks passed.
OSM colour packing
  ✓ parses hex and named CSS colours
  ✓ prefers explicit colour over material
  ✓ rgb565 round-trips close enough for façade paints
  ✓ window UVs cover a full storey row, not a stretched sliver
  ✓ muted London palette has no confetti hues
  ✓ generic OSM material / pale greys are not treated as unique paints
  ✓ tall residential OSM tags become towers, not brick apartments
  ✓ district boxes match the labelled neighbourhoods
  ✓ Canary Wharf restyles mid-rises to glass, Shoreditch to warehouses
  ✓ street-front windows skip terrace party walls and tiny edges
  ✓ pitched and terrace roofs stay muted brown/slate, not confetti
  ✓ Canary glass is muted but not near-black
  ✓ Canary towers ignore black OSM paints
  ✓ City towers use readable glass, not charcoal silhouettes
  ✓ West End terrace street mixes cream, brick, and grey families
  ✓ street-scale offices mix stone and brick, not one grey plate
  ✓ generic OSM brick is a family hint, not one cloned hex
  ✓ neighbouring terraces keep different sash pitches
  ✓ stock massing is a silhouette family, not a City slab costume
  ✓ towers extrude taller than houses

All 20 OSM colour / façade UV checks passed.
Noticed tower factory
  ✓ slugify strips punctuation
  ✓ rejects generic names
  ✓ reads English wikipedia titles only
  ✓ height prefers metres over levels
  ✓ uniqueSlug disambiguates
  ✓ named London silhouettes match the skyline
  ✓ wiki intro text can fill in unknown towers
  ✓ OSM civic tags pick church/station/theatre/civic, not navy glass
  ✓ named silhouettes win over a misleading extract
  ✓ twist bands yaw further up the shaft
  ✓ liftRgb raises crushed photo samples
  ✓ shape tints and roofs stay distinct from the wall
  ✓ makeMatteLambert keeps noticed albedo maps
  ✓ makeMatteLambert still drops maps on landmarks
  ✓ unique-tower unlit pass keeps pale stone as MeshBasicMaterial
  ✓ church baker adds a tower and spire, not another glass taper
  ✓ station baker adds a clock drum instead of navy glass bands only
  ✓ taper baker shrinks the crown relative to the podium
  ✓ named Canary towers get photo-true unique meshes, not baker costumes
  ✓ runtime instantiate uses the unique mesh, not the stepped GLB costume
  ✓ Poultry is a committed photo GLB on the noticed tray, not a uniqueNoticed hull
  ✓ Poultry GLB parses in GLTFLoader

All 22 noticed-factory checks passed.
Landmark geometry
  ✓ Thames crossings are deck landmarks; the Eye is not
  ✓ bridge decks sit above OSM carriageways
  ✓ London Eye A-frame meets the hub
  ✓ Tower Bridge carries a designed asphalt deck through the Gothic towers
  ✓ Hungerford keeps river piers, not a leftover deck box
  ✓ Shard keeps glowing ridge lines
  ✓ Gherkin keeps a diagrid plus window panes
  ✓ St Paul's nave has a window grid and dome ridges
  ✓ civic landmarks are unique meshes with their own colours, not type paints
  ✓ river prefabs do not carry a competing carriageway slab
  ✓ beam-bridge piers sit under the asphalt, not over it
  ✓ Tower of London is a concentric fortress, not a courtyard slab
  ✓ Buckingham Palace carries MeshBasic garden lawns, not a dirt moat
  ✓ Buckingham east front is a 21-bay Portland palace, not a barn
  ✓ One Canada Square playtime mesh keeps the pyramid, not a crushed GLB box
  ✓ London City Airport is a runway in the docks, not a grey rectangle

All 16 landmark geometry checks passed.
Street-camera city read
  ✓ dashed centre lines leave gaps
  ✓ terrace and street-scale office fronts get bay windows; towers do not
  ✓ offline search finds Shard, Shoreditch, Hyde Park
  ✓ West End 4–6 storey terraces keep bays (not restyled to office)
  ✓ chamfer turns a rectangle into eight vertices
  ✓ centroid inset shrinks a footprint without flipping it
  ✓ road edge offsets sit on both kerbs
  ✓ isometric zoom scales the frustum and does not tilt pitch
  ✓ London clock and climate stay offline
  ✓ river crossings drop wet OSM and stitch a land-to-land span
  ✓ neighbouring terraces do not share one cloned wall paint
  ✓ search finds British Museum and Goodge Street among landmarks
  ✓ land stubs facing across water stitch into an asphalt span
  ✓ named Thames crossings have a land-to-land span in the London bake
  ✓ park grass is matte mottled green, not a lit plastic lawn
  ✓ open ground is urban paving, not a citywide lawn
  ✓ view=mid does not paint kerb ribbons across the city
  ✓ OSM asphalt does not replace the Tower Bridge prefab
  ✓ Tower Hill park does not remain as a green hedge around the fortress
  ✓ Buckingham gardens keep a lawn; Hyde is not a crumpled fan
  ✓ zebra crossings sit one per junction, not stacked on every arm
  ✓ City offices mass as setbacks or mansards, not forced slabs
  ✓ citystreet stock has no HVAC red/blue rooftop confetti
  ✓ City skyline punch leaves neighbouring streets
  ✓ look=citystreet sits on stock, not inside a landmark punch-hole
  ✓ look=citystreet sits on the carriageway, not a courtyard pancake
  ✓ look=citystreet keep-disk still extrudes Cheapside stock
  ✓ Cheapside stock is unique meshes from each footprint, not one office costume
  ✓ acute and courtyard plans get stand-out massing, not a shared setback box
  ✓ No 1 Poultry falls back to ordinary stock while other street pins stay custom
  ✓ Cheapside unique pins stay; Poultry hull is off the chunk mesh
  ✓ City street offices are not a shared punched-window recess costume
  ✓ Cheapside unnamed stock has in-plane window glass, not blank walls
  ✓ wide-view mesh budget clips the city; close looks stay full
  ✓ keep-disk drain finishes; cover never packs with chunks
  ✓ No 1 Poultry is outside the view=mid keep-disk
  ✓ view=mid culls keep-disk cells; stock inside the disk stays
  ✓ view=mid keep-disk does not tessellate the whole 23 km map
  ✓ LCY spit is not OSM boxes or park mounds on the peninsula
  ✓ park trees stand on the lawn, not as dirt mounds

All 40 street-camera checks passed.
exit 0
$ pnpm test:ui

> runway-startup-game@0.1.0 test:ui /home/user/runway-startup-game
> tsx scripts/test-ui.tsx

RUNWAY UI regression tests
  ✓ title and setup use the full mobile viewport when no sidebar exists
  ✓ identity setup is a labelled, top-reachable dialog
  ✓ HQ setup exposes every neighbourhood through a labelled native selector
  ✓ dilemma, move, and end overlays use modal dialog semantics
  ✓ the London game uses pounds consistently for its unicorn goal
  ✓ the mobile hero keeps its copy readable and sound control named
  ✓ the 3D map carries an SFSIM glass HUD with offline place search
  ✓ the city HUD hydrates a neutral clock and keeps SSR date independent
  ✓ the play sidebar is a glass panel with label/value rows

All 9 UI checks passed.
exit 0
$ pnpm lint

> runway-startup-game@0.1.0 lint /home/user/runway-startup-game
> eslint

exit 0
$ pnpm tsx scripts/fetch-geodata.ts --verify
Verifying /home/user/runway-startup-game/public/map/london-city.bin (decode only, no network) ...
  buildings: 113569 (18406 major, 95163 minor)
  styles: 1:26490 2:41409 3:32517 4:7859 5:2950 6:1917 7:427
  osm-painted façades: 9119
  roads: 56793 (tier0 14917, tier1 6992, tier2 34884)
  parks: 769
  water: 62
  size: 6.39 MB
OK.
exit 0
$ pnpm exec tsc --noEmit -p .
exit 0
$ pnpm tsx scripts/test-loading-budget.ts
Loading budget checks passed
exit 0
$ pnpm tsx scripts/test-idle-generation.ts
Idle generation deadlines, single drains, wakeup and cancellation passed
exit 0
$ pnpm tsx scripts/test-city-stream.ts 400
{"dissolve":{"steadyOverviewBytes":76608,"staleColumnBytes":14592,"steadyInnerBytes":451488,"peakTransitionBytes":475200,"peakStagingBytes":618216,"peakCombinedBytes":694824}}
{"reversalSweep":{"cutoverFrame":5,"sweeps":8,"lossless":5}}
{"gradualZoom":{"floor":127,"sources":168}}
{"tileTransition":{"steadyOverviewBytes":76608,"staleColumnBytes":14592,"steadyInnerBytes":451488,"peakTransitionBytes":475200,"dissolvePeakCombinedBytes":694824,"mergePeakCombinedBytes":523884}}
{"budgetPressure":{"steadyOverviewBytes":350208,"steadyInnerBytes":554688,"referencePeak":615672,"referenceReturnPeak":680256,"maxBytes":854848,"backgroundBytes":467137,"pressurePeak":592632,"evictionOrder":["tile:3,0","tile:3,1"],"firstEvictionFrame":1}}
Camera streaming, replacement, queue bounds, overview and eviction passed
exit 0
$ pnpm tsx scripts/test-city-stream.ts 1600
{"dissolve":{"steadyOverviewBytes":76608,"staleColumnBytes":14592,"steadyInnerBytes":451488,"peakTransitionBytes":475200,"peakStagingBytes":618216,"peakCombinedBytes":694824}}
{"reversalSweep":{"cutoverFrame":5,"sweeps":8,"lossless":5}}
{"gradualZoom":{"floor":127,"sources":168}}
{"tileTransition":{"steadyOverviewBytes":76608,"staleColumnBytes":14592,"steadyInnerBytes":451488,"peakTransitionBytes":475200,"dissolvePeakCombinedBytes":694824,"mergePeakCombinedBytes":523884}}
{"budgetPressure":{"steadyOverviewBytes":350208,"steadyInnerBytes":554688,"referencePeak":615672,"referenceReturnPeak":680256,"maxBytes":854848,"backgroundBytes":467137,"pressurePeak":592632,"evictionOrder":["tile:3,0","tile:3,1"],"firstEvictionFrame":1}}
Camera streaming, replacement, queue bounds, overview and eviction passed
exit 0
$ pnpm tsx scripts/test-city-stream.ts 3200
{"dissolve":{"steadyOverviewBytes":76608,"staleColumnBytes":14592,"steadyInnerBytes":451488,"peakTransitionBytes":475200,"peakStagingBytes":618216,"peakCombinedBytes":694824}}
{"reversalSweep":{"cutoverFrame":5,"sweeps":8,"lossless":5}}
{"gradualZoom":{"floor":127,"sources":168}}
{"tileTransition":{"steadyOverviewBytes":76608,"staleColumnBytes":14592,"steadyInnerBytes":451488,"peakTransitionBytes":475200,"dissolvePeakCombinedBytes":694824,"mergePeakCombinedBytes":523884}}
{"budgetPressure":{"steadyOverviewBytes":350208,"steadyInnerBytes":554688,"referencePeak":615672,"referenceReturnPeak":680256,"maxBytes":854848,"backgroundBytes":467137,"pressurePeak":592632,"evictionOrder":["tile:3,0","tile:3,1"],"firstEvictionFrame":1}}
Camera streaming, replacement, queue bounds, overview and eviction passed
exit 0
$ pnpm tsx scripts/test-cell-stock-job.ts
{"tile":"tile:5,2","cells":16,"buildings":3318,"geometryBytes":2515104,"peakStagingBytes":4745550,"pages":[{"cells":8,"vertices":63936,"indexBytes":170712},{"cells":8,"vertices":57773,"indexBytes":153630}]}
{"tile":"tile:0,0","cells":16,"buildings":426,"geometryBytes":302400,"peakStagingBytes":868122,"pages":[{"cells":16,"vertices":14629,"indexBytes":39078}]}
{"tile":"tile:9,2","cells":16,"buildings":1089,"geometryBytes":912888,"peakStagingBytes":2610630,"pages":[{"cells":16,"vertices":44195,"indexBytes":117378}]}
{"tile":"synthetic-oversized","pages":[{"cells":["0,0","1,0"],"buildings":2,"vertices":44,"indexBytes":120},{"cells":["2,0"],"buildings":61,"vertices":64538,"indexBytes":166164},{"cells":["2,0","3,0"],"buildings":4,"vertices":3196,"indexBytes":8232}]}
cell stock job checks passed
exit 0
$ git diff --check a94a7ab HEAD
exit 0
$ pnpm build

○  (Static)  prerendered as static content

exit 0
